# Sanitized evidence log for kokoro-igpu
# Source: server_v114.log
# Purpose: trim/speech decisions backing artifacts/v11x WAVs
# Secrets scanned: none found; home paths redacted

        Read more about it in the
        [FastAPI docs for Lifespan Events](https://fastapi.tiangolo.com/advanced/events/).
        
  @app.on_event("startup")
INFO:     Started server process [2742752]
INFO:     Waiting for application startup.
[server] model=models/patched/kokoro-v0_19.gpu4d.stft.onnx
[server] voices=models/voices-v1.0.bin
[server] backend=ov-gpu precision=f32
Non default env value for CACHE_DIR = cache/openvino
Non default env value for CACHE_DIR = cache/openvino
Non default env value for CACHE_DIR = cache/openvino
[ov-gpu] compiled bucket=96 in 0.8s
[trim]   g1: 1.44-1.72s dur=0.28s peak/ref=0.63 gap=0.40s tail=1.78s -> kept:long-tail
[trim] n_real=13 n_bucket=96 audio=3.50s groups=2 stripped=0 cut=1.75s ref=0.1853 thresh=0.0278
INFO:     Application startup complete.
INFO:     Uvicorn running on http://0.0.0.0:8880 (Press CTRL+C to quit)
[server] warmup OK
[trim]   g4: 5.72-5.84s dur=0.12s peak/ref=0.35 gap=0.64s tail=0.40s -> stripped
[trim]   g3: 3.44-5.08s dur=1.64s peak/ref=1.05 gap=0.52s tail=0.64s -> kept:in-head
[trim] n_real=73 n_bucket=96 audio=6.25s groups=5 stripped=1 cut=5.11s ref=0.1419 thresh=0.0213
[speech] voice=af_bella tokens=71 audio=5.11s infer=24.76s rtf=4.85
INFO:     127.0.0.1:37802 - "POST /v1/audio/speech HTTP/1.1" 200 OK
[trim]   g5: 4.82-5.08s dur=0.26s peak/ref=0.68 gap=0.46s tail=0.48s -> stripped
[trim]   g4: 4.10-4.36s dur=0.26s peak/ref=0.36 gap=0.10s tail=0.46s -> kept:attached
[trim] n_real=65 n_bucket=96 audio=5.58s groups=6 stripped=1 cut=4.39s ref=0.1569 thresh=0.0235
[speech] voice=af_bella tokens=63 audio=4.39s infer=21.74s rtf=4.95
INFO:     127.0.0.1:49152 - "POST /v1/audio/speech HTTP/1.1" 200 OK
[trim]   g4: 3.78-3.98s dur=0.20s peak/ref=0.66 gap=0.62s tail=0.82s -> kept:long-tail
[trim] n_real=53 n_bucket=96 audio=4.80s groups=5 stripped=0 cut=4.01s ref=0.1324 thresh=0.0199
[speech] voice=af_bella tokens=51 audio=4.01s infer=18.98s rtf=4.73
INFO:     127.0.0.1:50780 - "POST /v1/audio/speech HTTP/1.1" 200 OK
[trim]   g2: 4.88-5.00s dur=0.12s peak/ref=0.23 gap=0.78s tail=0.64s -> stripped
[trim]   g1: 1.98-4.10s dur=2.12s peak/ref=1.33 gap=0.20s tail=0.78s -> kept:in-head
[trim] n_real=61 n_bucket=96 audio=5.65s groups=3 stripped=1 cut=4.13s ref=0.1290 thresh=0.0193
[speech] voice=af_bella tokens=59 audio=4.13s infer=22.02s rtf=5.33
INFO:     127.0.0.1:50530 - "POST /v1/audio/speech HTTP/1.1" 200 OK
[trim]   g4: 3.78-4.00s dur=0.22s peak/ref=0.53 gap=0.60s tail=0.72s -> stripped
[trim]   g3: 3.16-3.18s dur=0.02s peak/ref=0.20 gap=0.12s tail=0.60s -> kept:attached
[trim] n_real=55 n_bucket=96 audio=4.72s groups=5 stripped=1 cut=3.21s ref=0.1245 thresh=0.0187
[speech] voice=af_bella tokens=53 audio=3.21s infer=18.49s rtf=5.76
INFO:     127.0.0.1:51750 - "POST /v1/audio/speech HTTP/1.1" 200 OK
[trim]   g2: 3.28-3.60s dur=0.32s peak/ref=0.66 gap=0.64s tail=1.16s -> kept:long-tail
[trim] n_real=35 n_bucket=96 audio=4.78s groups=3 stripped=0 cut=3.63s ref=0.1434 thresh=0.0215
[speech] voice=af_bella tokens=33 audio=3.63s infer=18.72s rtf=5.16
INFO:     127.0.0.1:43406 - "POST /v1/audio/speech HTTP/1.1" 200 OK
Non default env value for CACHE_DIR = cache/openvino
Non default env value for CACHE_DIR = cache/openvino
Non default env value for CACHE_DIR = cache/openvino
[ov-gpu] compiled bucket=288 in 0.6s
[trim]   g12: 16.68-17.06s dur=0.38s peak/ref=0.53 gap=0.62s tail=0.56s -> stripped
[trim]   g11: 12.42-16.06s dur=3.64s peak/ref=1.92 gap=0.74s tail=0.62s -> kept:in-head
[trim] n_real=249 n_bucket=288 audio=17.62s groups=13 stripped=1 cut=16.09s ref=0.1623 thresh=0.0243
[speech] voice=af_bella tokens=247 audio=16.09s infer=70.75s rtf=4.40
INFO:     127.0.0.1:37002 - "POST /v1/audio/speech HTTP/1.1" 200 OK
INFO:     Shutting down
INFO:     Waiting for application shutdown.
INFO:     Application shutdown complete.
INFO:     Finished server process [2742752]
